#
# There is insufficient memory for the Java Runtime Environment to continue.
# Native memory allocation (malloc) failed to allocate 181456 bytes. Error detail: Chunk::new
# Possible reasons:
#   The system is out of physical RAM or swap space
#   This process is running with CompressedOops enabled, and the Java Heap may be blocking the growth of the native heap
# Possible solutions:
#   Reduce memory load on the system
#   Increase physical memory or swap space
#   Check if swap backing store is full
#   Decrease Java heap size (-Xmx/-Xms)
#   Decrease number of Java threads
#   Decrease Java thread stack sizes (-Xss)
#   Set larger code cache with -XX:ReservedCodeCacheSize=
#   JVM is running with Unscaled Compressed Oops mode in which the Java heap is
#     placed in the first 4GB address space. The Java Heap base address is the
#     maximum limit for the native heap growth. Please use -XX:HeapBaseMinAddress
#     to set the Java Heap base and to place the Java Heap above 4GB virtual address.
# This output file may be truncated or incomplete.
#
#  Out of Memory Error (arena.cpp:168), pid=7432, tid=8044
#
# JRE version: OpenJDK Runtime Environment Temurin-21.0.10+7 (21.0.10+7) (build 21.0.10+7-LTS)
# Java VM: OpenJDK 64-Bit Server VM Temurin-21.0.10+7 (21.0.10+7-LTS, mixed mode, sharing, tiered, compressed oops, compressed class ptrs, parallel gc, windows-amd64)
# No core dump will be written. Minidumps are not enabled by default on client versions of Windows
#

---------------  S U M M A R Y ------------

Command Line: --add-modules=ALL-SYSTEM --add-opens=java.base/java.util=ALL-UNNAMED --add-opens=java.base/java.lang=ALL-UNNAMED --add-opens=java.base/sun.nio.fs=ALL-UNNAMED -Declipse.application=org.eclipse.jdt.ls.core.id1 -Dosgi.bundles.defaultStartLevel=4 -Declipse.product=org.eclipse.jdt.ls.core.product -Djava.import.generatesMetadataFilesAtProjectRoot=false -DDetectVMInstallationsJob.disabled=true -Dfile.encoding=utf8 -XX:+UseParallelGC -XX:GCTimeRatio=4 -XX:AdaptiveSizePolicyWeight=90 -Dsun.zip.disableMemoryMapping=true -Xmx2G -Xms100m -Xlog:disable -javaagent:c:\Users\menete\.vscode\extensions\redhat.java-1.53.0-win32-x64\lombok\lombok-1.18.39-4050.jar -XX:+HeapDumpOnOutOfMemoryError -XX:HeapDumpPath=c:\Users\menete\AppData\Roaming\Code\User\workspaceStorage\ce710fde5795f858016391859076388f\redhat.java -Daether.dependencyCollector.impl=bf c:\Users\menete\.vscode\extensions\redhat.java-1.53.0-win32-x64\server\plugins\org.eclipse.equinox.launcher_1.7.100.v20251111-0406.jar -configuration c:\Users\menete\AppData\Roaming\Code\User\globalStorage\redhat.java\1.53.0\config_win -data c:\Users\menete\AppData\Roaming\Code\User\workspaceStorage\ce710fde5795f858016391859076388f\redhat.java\jdt_ws --pipe=\\.\pipe\lsp-636fd0405099cf0ecf44d4a96b9453f0-sock

Host: 11th Gen Intel(R) Core(TM) i7-1185G7 @ 3.00GHz, 8 cores, 15G,  Windows 11 , 64 bit Build 22621 (10.0.22621.5415)
Time: Thu Apr  9 18:48:24 2026 Hora padrão da África do Sul elapsed time: 45.542790 seconds (0d 0h 0m 45s)

---------------  T H R E A D  ---------------

Current thread (0x000002277f6bbe20):  JavaThread "C2 CompilerThread0" daemon [_thread_in_native, id=8044, stack(0x000000b364a00000,0x000000b364b00000) (1024K)]


Current CompileTask:
C2:45542 2107   !   4       java.lang.String::<init> (880 bytes)

Stack: [0x000000b364a00000,0x000000b364b00000]
Native frames: (J=compiled Java code, j=interpreted, Vv=VM code, C=native code)
V  [jvm.dll+0x6d7a39]
V  [jvm.dll+0x8b4b26]
V  [jvm.dll+0x8b70de]
V  [jvm.dll+0x8b77c3]
V  [jvm.dll+0x284346]
V  [jvm.dll+0xc66ed]
V  [jvm.dll+0xc6c31]
V  [jvm.dll+0x2fb29e]
V  [jvm.dll+0x5fe884]
V  [jvm.dll+0x255b17]
V  [jvm.dll+0x255edd]
V  [jvm.dll+0x24e500]
V  [jvm.dll+0x24ba42]
V  [jvm.dll+0x1cb34e]
V  [jvm.dll+0x25b85d]
V  [jvm.dll+0x259dea]
V  [jvm.dll+0x3f857e]
V  [jvm.dll+0x85f59d]
V  [jvm.dll+0x6d626d]
C  [ucrtbase.dll+0x29333]
C  [KERNEL32.DLL+0x1259d]
C  [ntdll.dll+0x5af78]


---------------  P R O C E S S  ---------------

Threads class SMR info:
_java_thread_list=0x00000227469efde0, length=15, elements={
0x0000022768c435f0, 0x0000022768cfb710, 0x0000022768cfd020, 0x0000022768cfe2d0,
0x000002277f6b4230, 0x000002277f6b5150, 0x000002277f6b8dd0, 0x000002277f6bbe20,
0x0000022746039ea0, 0x00000227461dade0, 0x000002274626d6f0, 0x00000227466ab2b0,
0x00000227466a9ba0, 0x00000227465bae40, 0x00000227460f9100
}

Java Threads: ( => current thread )
  0x0000022768c435f0 JavaThread "main"                              [_thread_blocked, id=11708, stack(0x000000b364000000,0x000000b364100000) (1024K)]
  0x0000022768cfb710 JavaThread "Reference Handler"          daemon [_thread_blocked, id=20720, stack(0x000000b364400000,0x000000b364500000) (1024K)]
  0x0000022768cfd020 JavaThread "Finalizer"                  daemon [_thread_blocked, id=10872, stack(0x000000b364500000,0x000000b364600000) (1024K)]
  0x0000022768cfe2d0 JavaThread "Signal Dispatcher"          daemon [_thread_blocked, id=4168, stack(0x000000b364600000,0x000000b364700000) (1024K)]
  0x000002277f6b4230 JavaThread "Attach Listener"            daemon [_thread_blocked, id=1508, stack(0x000000b364700000,0x000000b364800000) (1024K)]
  0x000002277f6b5150 JavaThread "Service Thread"             daemon [_thread_blocked, id=3044, stack(0x000000b364800000,0x000000b364900000) (1024K)]
  0x000002277f6b8dd0 JavaThread "Monitor Deflation Thread"   daemon [_thread_blocked, id=20712, stack(0x000000b364900000,0x000000b364a00000) (1024K)]
=>0x000002277f6bbe20 JavaThread "C2 CompilerThread0"         daemon [_thread_in_native, id=8044, stack(0x000000b364a00000,0x000000b364b00000) (1024K)]
  0x0000022746039ea0 JavaThread "C1 CompilerThread0"         daemon [_thread_in_native, id=4404, stack(0x000000b364b00000,0x000000b364c00000) (1024K)]
  0x00000227461dade0 JavaThread "Common-Cleaner"             daemon [_thread_blocked, id=14324, stack(0x000000b364c00000,0x000000b364d00000) (1024K)]
  0x000002274626d6f0 JavaThread "Notification Thread"        daemon [_thread_blocked, id=22128, stack(0x000000b364d00000,0x000000b364e00000) (1024K)]
  0x00000227466ab2b0 JavaThread "Active Thread: Equinox Container: 912bb742-ca60-4247-af46-00e49543c03a"        [_thread_blocked, id=22632, stack(0x000000b365400000,0x000000b365500000) (1024K)]
  0x00000227466a9ba0 JavaThread "Refresh Thread: Equinox Container: 912bb742-ca60-4247-af46-00e49543c03a" daemon [_thread_blocked, id=6476, stack(0x000000b365600000,0x000000b365700000) (1024K)]
  0x00000227465bae40 JavaThread "Framework Event Dispatcher: Equinox Container: 912bb742-ca60-4247-af46-00e49543c03a" daemon [_thread_blocked, id=16944, stack(0x000000b365700000,0x000000b365800000) (1024K)]
  0x00000227460f9100 JavaThread "Start Level: Equinox Container: 912bb742-ca60-4247-af46-00e49543c03a" daemon [_thread_in_native, id=13904, stack(0x000000b365800000,0x000000b365900000) (1024K)]
Total: 15

Other Threads:
  0x0000022768ce3020 VMThread "VM Thread"                           [id=8176, stack(0x000000b364300000,0x000000b364400000) (1024K)]
  0x0000022768cacc50 WatcherThread "VM Periodic Task Thread"        [id=7484, stack(0x000000b364200000,0x000000b364300000) (1024K)]
  0x0000022768c60a70 WorkerThread "GC Thread#0"                     [id=23344, stack(0x000000b364100000,0x000000b364200000) (1024K)]
  0x0000022746731ef0 WorkerThread "GC Thread#1"                     [id=6192, stack(0x000000b364e00000,0x000000b364f00000) (1024K)]
  0x00000227469eab00 WorkerThread "GC Thread#2"                     [id=1296, stack(0x000000b364f00000,0x000000b365000000) (1024K)]
  0x0000022746885740 WorkerThread "GC Thread#3"                     [id=12060, stack(0x000000b365000000,0x000000b365100000) (1024K)]
  0x0000022746710a00 WorkerThread "GC Thread#4"                     [id=16604, stack(0x000000b365100000,0x000000b365200000) (1024K)]
  0x0000022746710db0 WorkerThread "GC Thread#5"                     [id=8476, stack(0x000000b365200000,0x000000b365300000) (1024K)]
  0x0000022746711160 WorkerThread "GC Thread#6"                     [id=17844, stack(0x000000b365300000,0x000000b365400000) (1024K)]
  0x0000022746a892d0 WorkerThread "GC Thread#7"                     [id=23284, stack(0x000000b365500000,0x000000b365600000) (1024K)]
Total: 10

Threads with active compile tasks:
C2 CompilerThread0  45580 2107   !   4       java.lang.String::<init> (880 bytes)
C1 CompilerThread0  45580 2120   !   3       org.eclipse.osgi.storage.bundlefile.CloseableBundleFile::containsDir (168 bytes)
Total: 2

VM state: not at safepoint (normal execution)

VM Mutex/Monitor currently owned by a thread: None

Heap address: 0x0000000080000000, size: 2048 MB, Compressed Oops mode: 32-bit

CDS archive(s) mapped at: [0x0000022700000000-0x0000022700ba0000-0x0000022700ba0000), size 12189696, SharedBaseAddress: 0x0000022700000000, ArchiveRelocationMode: 1.
Compressed class space mapped at: 0x0000022701000000-0x0000022741000000, reserved size: 1073741824
Narrow klass base: 0x0000022700000000, Narrow klass shift: 0, Narrow klass range: 0x100000000

GC Precious Log:
 CardTable entry size: 512
 CPUs: 8 total, 8 available
 Memory: 16106M
 Large Page Support: Disabled
 NUMA Support: Disabled
 Compressed Oops: Enabled (32-bit)
 Alignments: Space 512K, Generation 512K, Heap 2M
 Heap Min Capacity: 100M
 Heap Initial Capacity: 100M
 Heap Max Capacity: 2G
 Pre-touch: Disabled
 Parallel Workers: 8

Heap:
 PSYoungGen      total 29696K, used 27621K [0x00000000d5580000, 0x00000000d7680000, 0x0000000100000000)
  eden space 25600K, 91% used [0x00000000d5580000,0x00000000d6c7d2e8,0x00000000d6e80000)
  from space 4096K, 99% used [0x00000000d7280000,0x00000000d767c148,0x00000000d7680000)
  to   space 4096K, 0% used [0x00000000d6e80000,0x00000000d6e80000,0x00000000d7280000)
 ParOldGen       total 68608K, used 2055K [0x0000000080000000, 0x0000000084300000, 0x00000000d5580000)
  object space 68608K, 2% used [0x0000000080000000,0x0000000080201fb0,0x0000000084300000)
 Metaspace       used 9395K, committed 9728K, reserved 1114112K
  class space    used 1006K, committed 1152K, reserved 1048576K

Card table byte_map: [0x0000022768610000,0x0000022768a20000] _byte_map_base: 0x0000022768210000

Marking Bits: (ParMarkBitMap*) 0x00007ffd03973450
 Begin Bits: [0x000002277b0f0000, 0x000002277d0f0000)
 End Bits:   [0x000002277d0f0000, 0x000002277f0f0000)

Polling page: 0x0000022768400000

Metaspace:

Usage:
  Non-class:      8.19 MB used.
      Class:   1006.52 KB used.
       Both:      9.18 MB used.

Virtual space:
  Non-class space:       64.00 MB reserved,       8.38 MB ( 13%) committed,  1 nodes.
      Class space:        1.00 GB reserved,       1.12 MB ( <1%) committed,  1 nodes.
             Both:        1.06 GB reserved,       9.50 MB ( <1%) committed. 

Chunk freelists:
   Non-Class:  6.78 MB
       Class:  14.79 MB
        Both:  21.57 MB

MaxMetaspaceSize: unlimited
CompressedClassSpaceSize: 1.00 GB
Initial GC threshold: 21.00 MB
Current GC threshold: 21.00 MB
CDS: on
 - commit_granule_bytes: 65536.
 - commit_granule_words: 8192.
 - virtual_space_node_default_size: 8388608.
 - enlarge_chunks_in_place: 1.
 - use_allocation_guard: 0.


Internal statistics:

num_allocs_failed_limit: 0.
num_arena_births: 256.
num_arena_deaths: 0.
num_vsnodes_births: 2.
num_vsnodes_deaths: 0.
num_space_committed: 152.
num_space_uncommitted: 0.
num_chunks_returned_to_freelist: 0.
num_chunks_taken_from_freelist: 512.
num_chunk_merges: 0.
num_chunk_splits: 319.
num_chunks_enlarged: 211.
num_inconsistent_stats: 0.

CodeHeap 'non-profiled nmethods': size=120000Kb used=943Kb max_used=943Kb free=119056Kb
 bounds [0x0000022773910000, 0x0000022773b80000, 0x000002277ae40000]
CodeHeap 'profiled nmethods': size=120000Kb used=3826Kb max_used=3826Kb free=116173Kb
 bounds [0x000002276be40000, 0x000002276c200000, 0x0000022773370000]
CodeHeap 'non-nmethods': size=5760Kb used=1237Kb max_used=1257Kb free=4522Kb
 bounds [0x0000022773370000, 0x00000227735e0000, 0x0000022773910000]
CodeCache: size=245760Kb, used=6006Kb, max_used=6026Kb, free=239751Kb
 total_blobs=2608, nmethods=2116, adapters=398, full_count=0
Compilation: enabled, stopped_count=0, restarted_count=0

Compilation events (20 events):
Event: 45.526 Thread 0x000002277f6bbe20 2105       4       java.lang.StrictMath::ceil (10 bytes)
Event: 45.528 Thread 0x0000022746039ea0 2108       3       org.eclipse.osgi.framework.util.CaseInsensitiveDictionaryMap$EntryIterator::next (5 bytes)
Event: 45.529 Thread 0x000002277f6bbe20 nmethod 2105 0x00000227739fb810 code [0x00000227739fb9e0, 0x00000227739fbb30]
Event: 45.529 Thread 0x000002277f6bbe20 2107   !   4       java.lang.String::<init> (880 bytes)
Event: 45.530 Thread 0x0000022746039ea0 nmethod 2108 0x000002276c1f6010 code [0x000002276c1f61e0, 0x000002276c1f6660]
Event: 45.530 Thread 0x0000022746039ea0 2109       3       org.eclipse.osgi.framework.util.CaseInsensitiveDictionaryMap$EntryIterator::next (20 bytes)
Event: 45.530 Thread 0x0000022746039ea0 nmethod 2109 0x000002276c1f6810 code [0x000002276c1f69e0, 0x000002276c1f6e08]
Event: 45.531 Thread 0x0000022746039ea0 2110       3       sun.nio.fs.NativeBuffers::getNativeBufferFromCache (51 bytes)
Event: 45.532 Thread 0x0000022746039ea0 nmethod 2110 0x000002276c1f6f90 code [0x000002276c1f7180, 0x000002276c1f7888]
Event: 45.532 Thread 0x0000022746039ea0 2111       3       sun.nio.fs.NativeBuffer::close (5 bytes)
Event: 45.532 Thread 0x0000022746039ea0 nmethod 2111 0x000002276c1f7a90 code [0x000002276c1f7c40, 0x000002276c1f7de8]
Event: 45.532 Thread 0x0000022746039ea0 2112       3       sun.nio.fs.NativeBuffer::release (5 bytes)
Event: 45.532 Thread 0x0000022746039ea0 nmethod 2112 0x000002276c1f7e90 code [0x000002276c1f8040, 0x000002276c1f8178]
Event: 45.534 Thread 0x0000022746039ea0 2113       3       jdk.internal.misc.Unsafe::getInt (7 bytes)
Event: 45.534 Thread 0x0000022746039ea0 nmethod 2113 0x000002276c1f8210 code [0x000002276c1f83a0, 0x000002276c1f84b8]
Event: 45.537 Thread 0x0000022746039ea0 2115   !   3       org.eclipse.osgi.storage.bundlefile.CloseableBundleFile::getEntry (28 bytes)
Event: 45.538 Thread 0x0000022746039ea0 nmethod 2115 0x000002276c1f8590 code [0x000002276c1f87e0, 0x000002276c1f9190]
Event: 45.538 Thread 0x0000022746039ea0 2116       3       org.eclipse.osgi.storage.bundlefile.ZipBundleFile::findEntry (62 bytes)
Event: 45.539 Thread 0x0000022746039ea0 nmethod 2116 0x000002276c1f9510 code [0x000002276c1f97a0, 0x000002276c1fa3a8]
Event: 45.540 Thread 0x0000022746039ea0 2117       3       org.eclipse.osgi.storage.bundlefile.ZipBundleFile::getZipEntry (87 bytes)

GC Heap History (4 events):
Event: 2.435 GC heap before
{Heap before GC invocations=1 (full 0):
 PSYoungGen      total 29696K, used 25600K [0x00000000d5580000, 0x00000000d7680000, 0x0000000100000000)
  eden space 25600K, 100% used [0x00000000d5580000,0x00000000d6e80000,0x00000000d6e80000)
  from space 4096K, 0% used [0x00000000d7280000,0x00000000d7280000,0x00000000d7680000)
  to   space 4096K, 0% used [0x00000000d6e80000,0x00000000d6e80000,0x00000000d7280000)
 ParOldGen       total 68608K, used 0K [0x0000000080000000, 0x0000000084300000, 0x00000000d5580000)
  object space 68608K, 0% used [0x0000000080000000,0x0000000080000000,0x0000000084300000)
 Metaspace       used 4358K, committed 4608K, reserved 1114112K
  class space    used 474K, committed 576K, reserved 1048576K
}
Event: 2.450 GC heap after
{Heap after GC invocations=1 (full 0):
 PSYoungGen      total 29696K, used 3303K [0x00000000d5580000, 0x00000000d7680000, 0x0000000100000000)
  eden space 25600K, 0% used [0x00000000d5580000,0x00000000d5580000,0x00000000d6e80000)
  from space 4096K, 80% used [0x00000000d6e80000,0x00000000d71b9e98,0x00000000d7280000)
  to   space 4096K, 0% used [0x00000000d7280000,0x00000000d7280000,0x00000000d7680000)
 ParOldGen       total 68608K, used 16K [0x0000000080000000, 0x0000000084300000, 0x00000000d5580000)
  object space 68608K, 0% used [0x0000000080000000,0x0000000080004000,0x0000000084300000)
 Metaspace       used 4358K, committed 4608K, reserved 1114112K
  class space    used 474K, committed 576K, reserved 1048576K
}
Event: 24.741 GC heap before
{Heap before GC invocations=2 (full 0):
 PSYoungGen      total 29696K, used 28903K [0x00000000d5580000, 0x00000000d7680000, 0x0000000100000000)
  eden space 25600K, 100% used [0x00000000d5580000,0x00000000d6e80000,0x00000000d6e80000)
  from space 4096K, 80% used [0x00000000d6e80000,0x00000000d71b9e98,0x00000000d7280000)
  to   space 4096K, 0% used [0x00000000d7280000,0x00000000d7280000,0x00000000d7680000)
 ParOldGen       total 68608K, used 16K [0x0000000080000000, 0x0000000084300000, 0x00000000d5580000)
  object space 68608K, 0% used [0x0000000080000000,0x0000000080004000,0x0000000084300000)
 Metaspace       used 7974K, committed 8320K, reserved 1114112K
  class space    used 828K, committed 960K, reserved 1048576K
}
Event: 24.751 GC heap after
{Heap after GC invocations=2 (full 0):
 PSYoungGen      total 29696K, used 4080K [0x00000000d5580000, 0x00000000d7680000, 0x0000000100000000)
  eden space 25600K, 0% used [0x00000000d5580000,0x00000000d5580000,0x00000000d6e80000)
  from space 4096K, 99% used [0x00000000d7280000,0x00000000d767c148,0x00000000d7680000)
  to   space 4096K, 0% used [0x00000000d6e80000,0x00000000d6e80000,0x00000000d7280000)
 ParOldGen       total 68608K, used 2055K [0x0000000080000000, 0x0000000084300000, 0x00000000d5580000)
  object space 68608K, 2% used [0x0000000080000000,0x0000000080201fb0,0x0000000084300000)
 Metaspace       used 7974K, committed 8320K, reserved 1114112K
  class space    used 828K, committed 960K, reserved 1048576K
}

Dll operation events (9 events):
Event: 0.063 Loaded shared library c:\Users\menete\.vscode\extensions\redhat.java-1.53.0-win32-x64\jre\21.0.10-win32-x86_64\bin\java.dll
Event: 0.300 Loaded shared library c:\Users\menete\.vscode\extensions\redhat.java-1.53.0-win32-x64\jre\21.0.10-win32-x86_64\bin\zip.dll
Event: 0.357 Loaded shared library C:\Users\menete\.vscode\extensions\redhat.java-1.53.0-win32-x64\jre\21.0.10-win32-x86_64\bin\instrument.dll
Event: 0.363 Loaded shared library C:\Users\menete\.vscode\extensions\redhat.java-1.53.0-win32-x64\jre\21.0.10-win32-x86_64\bin\net.dll
Event: 0.365 Loaded shared library C:\Users\menete\.vscode\extensions\redhat.java-1.53.0-win32-x64\jre\21.0.10-win32-x86_64\bin\nio.dll
Event: 0.369 Loaded shared library C:\Users\menete\.vscode\extensions\redhat.java-1.53.0-win32-x64\jre\21.0.10-win32-x86_64\bin\zip.dll
Event: 0.403 Loaded shared library C:\Users\menete\.vscode\extensions\redhat.java-1.53.0-win32-x64\jre\21.0.10-win32-x86_64\bin\jimage.dll
Event: 0.542 Loaded shared library c:\Users\menete\.vscode\extensions\redhat.java-1.53.0-win32-x64\jre\21.0.10-win32-x86_64\bin\verify.dll
Event: 39.793 Loaded shared library C:\Users\menete\AppData\Roaming\Code\User\globalStorage\redhat.java\1.53.0\config_win\org.eclipse.equinox.launcher\org.eclipse.equinox.launcher.win32.win32.x86_64_1.3.0.v20260203-2149\eclipse_11919.dll

Deoptimization events (20 events):
Event: 39.887 Thread 0x00000227460f9100 Uncommon trap: trap_request=0xffffff6e fr.pc=0x00000227739863a8 relative=0x0000000000000368
Event: 39.887 Thread 0x00000227460f9100 Uncommon trap: reason=loop_limit_check action=maybe_recompile pc=0x00000227739863a8 method=java.lang.StringLatin1.indexOf([BI[BII)I @ 37 c2
Event: 39.887 Thread 0x00000227460f9100 DEOPT PACKING pc=0x00000227739863a8 sp=0x000000b3658fd1b0
Event: 39.887 Thread 0x00000227460f9100 DEOPT UNPACKING pc=0x00000227733c6da2 sp=0x000000b3658fd110 mode 2
Event: 39.961 Thread 0x00000227460f9100 Uncommon trap: trap_request=0xffffff45 fr.pc=0x00000227739990b4 relative=0x0000000000000094
Event: 39.961 Thread 0x00000227460f9100 Uncommon trap: reason=unstable_if action=reinterpret pc=0x00000227739990b4 method=java.io.BufferedInputStream.getBufIfOpen(Z)[B @ 13 c2
Event: 39.961 Thread 0x00000227460f9100 DEOPT PACKING pc=0x00000227739990b4 sp=0x000000b3658fe0c0
Event: 39.961 Thread 0x00000227460f9100 DEOPT UNPACKING pc=0x00000227733c6da2 sp=0x000000b3658fe040 mode 2
Event: 39.963 Thread 0x00000227460f9100 Uncommon trap: trap_request=0xffffff45 fr.pc=0x00000227739d02b0 relative=0x0000000000000ff0
Event: 39.963 Thread 0x00000227460f9100 Uncommon trap: reason=unstable_if action=reinterpret pc=0x00000227739d02b0 method=java.lang.String.<init>(Ljava/nio/charset/Charset;[BII)V @ 6 c2
Event: 39.963 Thread 0x00000227460f9100 DEOPT PACKING pc=0x00000227739d02b0 sp=0x000000b3658fe040
Event: 39.963 Thread 0x00000227460f9100 DEOPT UNPACKING pc=0x00000227733c6da2 sp=0x000000b3658fe010 mode 2
Event: 40.437 Thread 0x00000227460f9100 Uncommon trap: trap_request=0xffffff45 fr.pc=0x00000227739496f4 relative=0x0000000000000054
Event: 40.437 Thread 0x00000227460f9100 Uncommon trap: reason=unstable_if action=reinterpret pc=0x00000227739496f4 method=java.lang.CharacterData.of(I)Ljava/lang/CharacterData; @ 4 c2
Event: 40.437 Thread 0x00000227460f9100 DEOPT PACKING pc=0x00000227739496f4 sp=0x000000b3658fda90
Event: 40.437 Thread 0x00000227460f9100 DEOPT UNPACKING pc=0x00000227733c6da2 sp=0x000000b3658fda28 mode 2
Event: 40.449 Thread 0x00000227460f9100 Uncommon trap: trap_request=0xffffff45 fr.pc=0x00000227739e9bc8 relative=0x00000000000009e8
Event: 40.449 Thread 0x00000227460f9100 Uncommon trap: reason=unstable_if action=reinterpret pc=0x00000227739e9bc8 method=java.util.concurrent.ConcurrentHashMap.putVal(Ljava/lang/Object;Ljava/lang/Object;Z)Ljava/lang/Object; @ 148 c2
Event: 40.449 Thread 0x00000227460f9100 DEOPT PACKING pc=0x00000227739e9bc8 sp=0x000000b3658fe740
Event: 40.449 Thread 0x00000227460f9100 DEOPT UNPACKING pc=0x00000227733c6da2 sp=0x000000b3658fe6b0 mode 2

Classes loaded (20 events):
Event: 40.372 Loading class sun/util/logging/resources/logging_pt_PT
Event: 40.372 Loading class sun/util/logging/resources/logging_pt_PT done
Event: 40.372 Loading class sun/util/logging/resources/logging_pt_PT
Event: 40.372 Loading class sun/util/logging/resources/logging_pt_PT done
Event: 40.375 Loading class java/util/Formatter$DateTime
Event: 40.375 Loading class java/util/Formatter$DateTime done
Event: 40.375 Loading class java/util/Formatter$FixedString
Event: 40.375 Loading class java/util/Formatter$FixedString done
Event: 40.376 Loading class java/time/ZonedDateTime$1
Event: 40.376 Loading class java/time/ZonedDateTime$1 done
Event: 40.395 Loading class jdk/internal/module/ModulePatcher$PatchedModuleReader
Event: 40.395 Loading class jdk/internal/module/ModulePatcher$PatchedModuleReader done
Event: 40.421 Loading class sun/util/resources/LocaleData$CommonResourceBundleProvider
Event: 40.421 Loading class sun/util/resources/LocaleData$LocaleDataResourceBundleProvider
Event: 40.422 Loading class java/util/spi/ResourceBundleProvider
Event: 40.422 Loading class java/util/spi/ResourceBundleProvider done
Event: 40.422 Loading class sun/util/resources/LocaleData$LocaleDataResourceBundleProvider done
Event: 40.422 Loading class sun/util/resources/LocaleData$CommonResourceBundleProvider done
Event: 40.423 Loading class sun/util/resources/Bundles$2
Event: 40.423 Loading class sun/util/resources/Bundles$2 done

Classes unloaded (0 events):
No events

Classes redefined (0 events):
No events

Internal exceptions (20 events):
Event: 2.725 Thread 0x0000022768c435f0 Implicit null exception at 0x000002277396ed49 to 0x000002277396f6e0
Event: 2.726 Thread 0x0000022768c435f0 Implicit null exception at 0x000002277398001a to 0x0000022773980224
Event: 2.727 Thread 0x0000022768c435f0 Exception <a 'java/lang/NoSuchMethodError'{0x00000000d56e6b48}: 'void java.lang.invoke.DirectMethodHandle$Holder.invokeStatic(java.lang.Object, java.lang.Object, java.lang.Object, java.lang.Object)'> (0x00000000d56e6b48) 
thrown [s\src\hotspot\share\interpreter\linkResolver.cpp, line 773]
Event: 2.731 Thread 0x0000022768c435f0 Implicit null exception at 0x000002277397b39a to 0x000002277397b5a4
Event: 2.732 Thread 0x0000022768c435f0 Implicit null exception at 0x00000227739719bd to 0x0000022773971a41
Event: 3.030 Thread 0x0000022768c435f0 Exception <a 'java/lang/NoSuchMethodError'{0x00000000d59d0ae0}: 'void java.lang.invoke.DirectMethodHandle$Holder.invokeSpecial(java.lang.Object, java.lang.Object, java.lang.Object)'> (0x00000000d59d0ae0) 
thrown [s\src\hotspot\share\interpreter\linkResolver.cpp, line 773]
Event: 3.900 Thread 0x0000022768c435f0 Exception <a 'java/lang/NoSuchMethodError'{0x00000000d645dd60}: 'int java.lang.invoke.DirectMethodHandle$Holder.invokeVirtual(java.lang.Object, java.lang.Object)'> (0x00000000d645dd60) 
thrown [s\src\hotspot\share\interpreter\linkResolver.cpp, line 773]
Event: 4.094 Thread 0x0000022768c435f0 Exception <a 'java/lang/NoSuchMethodError'{0x00000000d65e4f50}: 'int java.lang.invoke.DirectMethodHandle$Holder.invokeStaticInit(java.lang.Object, java.lang.Object, java.lang.Object, java.lang.Object)'> (0x00000000d65e4f50) 
thrown [s\src\hotspot\share\interpreter\linkResolver.cpp, line 773]
Event: 4.141 Thread 0x0000022768c435f0 Exception <a 'java/lang/IncompatibleClassChangeError'{0x00000000d65ed358}: Found class java.lang.Object, but interface was expected> (0x00000000d65ed358) 
thrown [s\src\hotspot\share\interpreter\linkResolver.cpp, line 840]
Event: 4.151 Thread 0x0000022768c435f0 Exception <a 'java/lang/NoSuchMethodError'{0x00000000d65f4208}: 'void java.lang.invoke.DirectMethodHandle$Holder.invokeStaticInit(java.lang.Object, java.lang.Object)'> (0x00000000d65f4208) 
thrown [s\src\hotspot\share\interpreter\linkResolver.cpp, line 773]
Event: 4.156 Thread 0x0000022768c435f0 Exception <a 'java/lang/NoSuchMethodError'{0x00000000d65fdce0}: 'int java.lang.invoke.DirectMethodHandle$Holder.invokeStaticInit(java.lang.Object, java.lang.Object)'> (0x00000000d65fdce0) 
thrown [s\src\hotspot\share\interpreter\linkResolver.cpp, line 773]
Event: 4.260 Thread 0x0000022768c435f0 Exception <a 'java/lang/NoSuchMethodError'{0x00000000d685fa48}: 'java.lang.Object java.lang.invoke.DirectMethodHandle$Holder.newInvokeSpecial(java.lang.Object, int, java.lang.Object)'> (0x00000000d685fa48) 
thrown [s\src\hotspot\share\interpreter\linkResolver.cpp, line 773]
Event: 4.351 Thread 0x0000022768c435f0 Exception <a 'java/lang/ClassNotFoundException'{0x00000000d6a7da58}: sun/net/www/protocol/plurl/Handler> (0x00000000d6a7da58) 
thrown [s\src\hotspot\share\classfile\systemDictionary.cpp, line 312]
Event: 4.351 Thread 0x0000022768c435f0 Exception <a 'java/lang/ClassNotFoundException'{0x00000000d6a7e8d8}: sun/net/www/protocol/plurl/Handler> (0x00000000d6a7e8d8) 
thrown [s\src\hotspot\share\classfile\systemDictionary.cpp, line 312]
Event: 39.322 Thread 0x0000022768c435f0 Exception <a 'java/lang/UnsatisfiedLinkError'{0x00000000d5658448}: 'void org.eclipse.equinox.launcher.JNIBridge._update_splash()'> (0x00000000d5658448) 
thrown [s\src\hotspot\share\prims\nativeLookup.cpp, line 415]
Event: 39.446 Thread 0x00000227466a9ba0 Exception <a 'java/lang/NoSuchMethodError'{0x00000000d58f95e0}: 'void java.lang.invoke.DirectMethodHandle$Holder.invokeInterface(java.lang.Object, java.lang.Object, java.lang.Object)'> (0x00000000d58f95e0) 
thrown [s\src\hotspot\share\interpreter\linkResolver.cpp, line 773]
Event: 40.207 Thread 0x00000227460f9100 Exception <a 'java/lang/NoSuchMethodError'{0x00000000d5cdf4c0}: 'java.lang.Object java.lang.invoke.DirectMethodHandle$Holder.newInvokeSpecial(java.lang.Object, java.lang.Object, int, java.lang.Object)'> (0x00000000d5cdf4c0) 
thrown [s\src\hotspot\share\interpreter\linkResolver.cpp, line 773]
Event: 40.207 Thread 0x00000227460f9100 Exception <a 'java/lang/NoSuchMethodError'{0x00000000d5ce32f0}: 'java.lang.Object java.lang.invoke.DirectMethodHandle$Holder.invokeSpecial(java.lang.Object, java.lang.Object, java.lang.Object, int, java.lang.Object)'> (0x00000000d5ce32f0) 
thrown [s\src\hotspot\share\interpreter\linkResolver.cpp, line 773]
Event: 40.232 Thread 0x00000227460f9100 Exception <a 'java/lang/NoClassDefFoundError'{0x00000000d5d89d48}: jakarta/servlet/ServletContainerInitializer> (0x00000000d5d89d48) 
thrown [s\src\hotspot\share\classfile\systemDictionary.cpp, line 301]
Event: 40.369 Thread 0x00000227460f9100 Exception <a 'java/lang/ClassNotFoundException'{0x00000000d5eddf68}: sun/util/logging/resources/spi/loggingProvider> (0x00000000d5eddf68) 
thrown [s\src\hotspot\share\classfile\systemDictionary.cpp, line 312]

ZGC Phase Switch (0 events):
No events

VM Operations (20 events):
Event: 4.334 Executing non-safepoint VM operation: HandshakeAllThreads (Deoptimize)
Event: 4.334 Executing non-safepoint VM operation: HandshakeAllThreads (Deoptimize) done
Event: 5.337 Executing safepoint VM operation: Cleanup
Event: 5.337 Executing safepoint VM operation: Cleanup done
Event: 7.349 Executing safepoint VM operation: Cleanup
Event: 7.349 Executing safepoint VM operation: Cleanup done
Event: 24.741 Executing safepoint VM operation: ParallelGCFailedAllocation (Allocation Failure)
Event: 24.751 Executing safepoint VM operation: ParallelGCFailedAllocation (Allocation Failure) done
Event: 39.892 Executing safepoint VM operation: Cleanup
Event: 39.908 Executing safepoint VM operation: Cleanup done
Event: 40.353 Executing non-safepoint VM operation: HandshakeAllThreads (Deoptimize)
Event: 40.353 Executing non-safepoint VM operation: HandshakeAllThreads (Deoptimize) done
Event: 40.396 Executing non-safepoint VM operation: HandshakeAllThreads (Deoptimize)
Event: 40.396 Executing non-safepoint VM operation: HandshakeAllThreads (Deoptimize) done
Event: 40.438 Executing non-safepoint VM operation: HandshakeAllThreads (Deoptimize)
Event: 40.438 Executing non-safepoint VM operation: HandshakeAllThreads (Deoptimize) done
Event: 40.449 Executing non-safepoint VM operation: HandshakeAllThreads (Deoptimize)
Event: 40.449 Executing non-safepoint VM operation: HandshakeAllThreads (Deoptimize) done
Event: 41.456 Executing safepoint VM operation: Cleanup
Event: 41.456 Executing safepoint VM operation: Cleanup done

Memory protections (0 events):
No events

Nmethod flushes (0 events):
No events

Events (15 events):
Event: 0.083 Thread 0x0000022768c435f0 Thread added: 0x0000022768c435f0
Event: 0.129 Thread 0x0000022768c435f0 Thread added: 0x0000022768cfb710
Event: 0.129 Thread 0x0000022768c435f0 Thread added: 0x0000022768cfd020
Event: 0.129 Thread 0x0000022768c435f0 Thread added: 0x0000022768cfe2d0
Event: 0.129 Thread 0x0000022768c435f0 Thread added: 0x000002277f6b4230
Event: 0.129 Thread 0x0000022768c435f0 Thread added: 0x000002277f6b5150
Event: 0.129 Thread 0x0000022768c435f0 Thread added: 0x000002277f6b8dd0
Event: 0.129 Thread 0x0000022768c435f0 Thread added: 0x000002277f6bbe20
Event: 0.138 Thread 0x0000022768c435f0 Thread added: 0x0000022746039ea0
Event: 0.359 Thread 0x0000022768c435f0 Thread added: 0x00000227461dade0
Event: 0.679 Thread 0x0000022768c435f0 Thread added: 0x000002274626d6f0
Event: 4.177 Thread 0x0000022768c435f0 Thread added: 0x00000227466ab2b0
Event: 39.319 Thread 0x0000022768c435f0 Thread added: 0x00000227466a9ba0
Event: 39.453 Thread 0x00000227466a9ba0 Thread added: 0x00000227465bae40
Event: 39.802 Thread 0x0000022768c435f0 Thread added: 0x00000227460f9100


Dynamic libraries:
0x00007ff7cd6d0000 - 0x00007ff7cd6de000 	c:\Users\menete\.vscode\extensions\redhat.java-1.53.0-win32-x64\jre\21.0.10-win32-x86_64\bin\java.exe
0x00007ffddfe30000 - 0x00007ffde0048000 	C:\WINDOWS\SYSTEM32\ntdll.dll
0x00007ffdded80000 - 0x00007ffddee44000 	C:\WINDOWS\System32\KERNEL32.DLL
0x00007ffddd350000 - 0x00007ffddd723000 	C:\WINDOWS\System32\KERNELBASE.dll
0x00007ffddcf40000 - 0x00007ffddd051000 	C:\WINDOWS\System32\ucrtbase.dll
0x00007ffdab5b0000 - 0x00007ffdab5c8000 	c:\Users\menete\.vscode\extensions\redhat.java-1.53.0-win32-x64\jre\21.0.10-win32-x86_64\bin\jli.dll
0x00007ffddef70000 - 0x00007ffddf122000 	C:\WINDOWS\System32\USER32.dll
0x00007ffdddaa0000 - 0x00007ffdddac6000 	C:\WINDOWS\System32\win32u.dll
0x00007ffddf860000 - 0x00007ffddf889000 	C:\WINDOWS\System32\GDI32.dll
0x00007ffddd0e0000 - 0x00007ffddd1fb000 	C:\WINDOWS\System32\gdi32full.dll
0x00007ffddd2b0000 - 0x00007ffddd34a000 	C:\WINDOWS\System32\msvcp_win.dll
0x00007ffdaa0a0000 - 0x00007ffdaa0be000 	c:\Users\menete\.vscode\extensions\redhat.java-1.53.0-win32-x64\jre\21.0.10-win32-x86_64\bin\VCRUNTIME140.dll
0x00007ffdcc030000 - 0x00007ffdcc2cc000 	C:\WINDOWS\WinSxS\amd64_microsoft.windows.common-controls_6595b64144ccf1df_6.0.22621.6060_none_2712eda17382d24b\COMCTL32.dll
0x00007ffddecd0000 - 0x00007ffdded77000 	C:\WINDOWS\System32\msvcrt.dll
0x00007ffddf660000 - 0x00007ffddf691000 	C:\WINDOWS\System32\IMM32.DLL
0x00007ffdca680000 - 0x00007ffdca68c000 	c:\Users\menete\.vscode\extensions\redhat.java-1.53.0-win32-x64\jre\21.0.10-win32-x86_64\bin\vcruntime140_1.dll
0x00007ffd4c740000 - 0x00007ffd4c7cd000 	c:\Users\menete\.vscode\extensions\redhat.java-1.53.0-win32-x64\jre\21.0.10-win32-x86_64\bin\msvcp140.dll
0x00007ffd02cb0000 - 0x00007ffd03a51000 	c:\Users\menete\.vscode\extensions\redhat.java-1.53.0-win32-x64\jre\21.0.10-win32-x86_64\bin\server\jvm.dll
0x00007ffddde10000 - 0x00007ffdddec1000 	C:\WINDOWS\System32\ADVAPI32.dll
0x00007ffddeb10000 - 0x00007ffddebb8000 	C:\WINDOWS\System32\sechost.dll
0x00007ffddd280000 - 0x00007ffddd2a8000 	C:\WINDOWS\System32\bcrypt.dll
0x00007ffddee50000 - 0x00007ffddef68000 	C:\WINDOWS\System32\RPCRT4.dll
0x00007ffddf470000 - 0x00007ffddf4e1000 	C:\WINDOWS\System32\WS2_32.dll
0x00007ffddbd50000 - 0x00007ffddbd9d000 	C:\WINDOWS\SYSTEM32\POWRPROF.dll
0x00007ffdd6a60000 - 0x00007ffdd6a94000 	C:\WINDOWS\SYSTEM32\WINMM.dll
0x00007ffdd9d80000 - 0x00007ffdd9d8a000 	C:\WINDOWS\SYSTEM32\VERSION.dll
0x00007ffddbd30000 - 0x00007ffddbd43000 	C:\WINDOWS\SYSTEM32\UMPDC.dll
0x00007ffddbf70000 - 0x00007ffddbf88000 	C:\WINDOWS\SYSTEM32\kernel.appcore.dll
0x00007ffdc2c40000 - 0x00007ffdc2c4a000 	c:\Users\menete\.vscode\extensions\redhat.java-1.53.0-win32-x64\jre\21.0.10-win32-x86_64\bin\jimage.dll
0x00007ffdda340000 - 0x00007ffdda573000 	C:\WINDOWS\SYSTEM32\DBGHELP.DLL
0x00007ffdde770000 - 0x00007ffddeb01000 	C:\WINDOWS\System32\combase.dll
0x00007ffddfd10000 - 0x00007ffddfde8000 	C:\WINDOWS\System32\OLEAUT32.dll
0x00007ffdbe010000 - 0x00007ffdbe042000 	C:\WINDOWS\SYSTEM32\dbgcore.DLL
0x00007ffddd200000 - 0x00007ffddd27b000 	C:\WINDOWS\System32\bcryptPrimitives.dll
0x00007ffdb3700000 - 0x00007ffdb370f000 	c:\Users\menete\.vscode\extensions\redhat.java-1.53.0-win32-x64\jre\21.0.10-win32-x86_64\bin\instrument.dll
0x00007ffd92be0000 - 0x00007ffd92c00000 	c:\Users\menete\.vscode\extensions\redhat.java-1.53.0-win32-x64\jre\21.0.10-win32-x86_64\bin\java.dll
0x00007ffddded0000 - 0x00007ffdde76c000 	C:\WINDOWS\System32\SHELL32.dll
0x00007ffddd960000 - 0x00007ffddda9f000 	C:\WINDOWS\System32\wintypes.dll
0x00007ffddae00000 - 0x00007ffddb71a000 	C:\WINDOWS\SYSTEM32\windows.storage.dll
0x00007ffddf4f0000 - 0x00007ffddf5f4000 	C:\WINDOWS\System32\SHCORE.dll
0x00007ffddf140000 - 0x00007ffddf1a9000 	C:\WINDOWS\System32\shlwapi.dll
0x00007ffddce70000 - 0x00007ffddce95000 	C:\WINDOWS\SYSTEM32\profapi.dll
0x00007ffd84230000 - 0x00007ffd84248000 	c:\Users\menete\.vscode\extensions\redhat.java-1.53.0-win32-x64\jre\21.0.10-win32-x86_64\bin\zip.dll
0x00007ffdb3e10000 - 0x00007ffdb3e20000 	C:\Users\menete\.vscode\extensions\redhat.java-1.53.0-win32-x64\jre\21.0.10-win32-x86_64\bin\net.dll
0x00007ffdd7ed0000 - 0x00007ffdd7ffc000 	C:\WINDOWS\SYSTEM32\WINHTTP.dll
0x00007ffddc490000 - 0x00007ffddc4f9000 	C:\WINDOWS\system32\mswsock.dll
0x00007ffd7eb50000 - 0x00007ffd7eb66000 	C:\Users\menete\.vscode\extensions\redhat.java-1.53.0-win32-x64\jre\21.0.10-win32-x86_64\bin\nio.dll
0x00007ffdabb60000 - 0x00007ffdabb70000 	c:\Users\menete\.vscode\extensions\redhat.java-1.53.0-win32-x64\jre\21.0.10-win32-x86_64\bin\verify.dll
0x00007ffd7d0b0000 - 0x00007ffd7d0f5000 	C:\Users\menete\AppData\Roaming\Code\User\globalStorage\redhat.java\1.53.0\config_win\org.eclipse.equinox.launcher\org.eclipse.equinox.launcher.win32.win32.x86_64_1.3.0.v20260203-2149\eclipse_11919.dll
0x00007ffdddb00000 - 0x00007ffdddca1000 	C:\WINDOWS\System32\ole32.dll

JVMTI agents:
c:\Users\menete\.vscode\extensions\redhat.java-1.53.0-win32-x64\lombok\lombok-1.18.39-4050.jar path:c:\Users\menete\.vscode\extensions\redhat.java-1.53.0-win32-x64\jre\21.0.10-win32-x86_64\bin\instrument.dll, loaded, initialized, instrumentlib options:none

dbghelp: loaded successfully - version: 4.0.5 - missing functions: none
symbol engine: initialized successfully - sym options: 0x614 - pdb path: .;c:\Users\menete\.vscode\extensions\redhat.java-1.53.0-win32-x64\jre\21.0.10-win32-x86_64\bin;C:\WINDOWS\SYSTEM32;C:\WINDOWS\WinSxS\amd64_microsoft.windows.common-controls_6595b64144ccf1df_6.0.22621.6060_none_2712eda17382d24b;c:\Users\menete\.vscode\extensions\redhat.java-1.53.0-win32-x64\jre\21.0.10-win32-x86_64\bin\server;C:\Users\menete\AppData\Roaming\Code\User\globalStorage\redhat.java\1.53.0\config_win\org.eclipse.equinox.launcher\org.eclipse.equinox.launcher.win32.win32.x86_64_1.3.0.v20260203-2149

VM Arguments:
jvm_args: --add-modules=ALL-SYSTEM --add-opens=java.base/java.util=ALL-UNNAMED --add-opens=java.base/java.lang=ALL-UNNAMED --add-opens=java.base/sun.nio.fs=ALL-UNNAMED -Declipse.application=org.eclipse.jdt.ls.core.id1 -Dosgi.bundles.defaultStartLevel=4 -Declipse.product=org.eclipse.jdt.ls.core.product -Djava.import.generatesMetadataFilesAtProjectRoot=false -DDetectVMInstallationsJob.disabled=true -Dfile.encoding=utf8 -XX:+UseParallelGC -XX:GCTimeRatio=4 -XX:AdaptiveSizePolicyWeight=90 -Dsun.zip.disableMemoryMapping=true -Xmx2G -Xms100m -Xlog:disable -javaagent:c:\Users\menete\.vscode\extensions\redhat.java-1.53.0-win32-x64\lombok\lombok-1.18.39-4050.jar -XX:+HeapDumpOnOutOfMemoryError -XX:HeapDumpPath=c:\Users\menete\AppData\Roaming\Code\User\workspaceStorage\ce710fde5795f858016391859076388f\redhat.java -Daether.dependencyCollector.impl=bf 
java_command: c:\Users\menete\.vscode\extensions\redhat.java-1.53.0-win32-x64\server\plugins\org.eclipse.equinox.launcher_1.7.100.v20251111-0406.jar -configuration c:\Users\menete\AppData\Roaming\Code\User\globalStorage\redhat.java\1.53.0\config_win -data c:\Users\menete\AppData\Roaming\Code\User\workspaceStorage\ce710fde5795f858016391859076388f\redhat.java\jdt_ws --pipe=\\.\pipe\lsp-636fd0405099cf0ecf44d4a96b9453f0-sock
java_class_path (initial): c:\Users\menete\.vscode\extensions\redhat.java-1.53.0-win32-x64\server\plugins\org.eclipse.equinox.launcher_1.7.100.v20251111-0406.jar
Launcher Type: SUN_STANDARD

[Global flags]
    uintx AdaptiveSizePolicyWeight                 = 90                                        {product} {command line}
     intx CICompilerCount                          = 4                                         {product} {ergonomic}
    uintx GCTimeRatio                              = 4                                         {product} {command line}
     bool HeapDumpOnOutOfMemoryError               = true                                   {manageable} {command line}
    ccstr HeapDumpPath                             = c:\Users\menete\AppData\Roaming\Code\User\workspaceStorage\ce710fde5795f858016391859076388f\redhat.java         {manageable} {command line}
   size_t InitialHeapSize                          = 104857600                                 {product} {command line}
   size_t MaxHeapSize                              = 2147483648                                {product} {command line}
   size_t MaxNewSize                               = 715653120                                 {product} {ergonomic}
   size_t MinHeapDeltaBytes                        = 524288                                    {product} {ergonomic}
   size_t MinHeapSize                              = 104857600                                 {product} {command line}
   size_t NewSize                                  = 34603008                                  {product} {ergonomic}
    uintx NonNMethodCodeHeapSize                   = 5839372                                {pd product} {ergonomic}
    uintx NonProfiledCodeHeapSize                  = 122909434                              {pd product} {ergonomic}
   size_t OldSize                                  = 70254592                                  {product} {ergonomic}
    uintx ProfiledCodeHeapSize                     = 122909434                              {pd product} {ergonomic}
    uintx ReservedCodeCacheSize                    = 251658240                              {pd product} {ergonomic}
     bool SegmentedCodeCache                       = true                                      {product} {ergonomic}
   size_t SoftMaxHeapSize                          = 2147483648                             {manageable} {ergonomic}
     bool UseCompressedOops                        = true                           {product lp64_product} {ergonomic}
     bool UseLargePagesIndividualAllocation        = false                                  {pd product} {ergonomic}
     bool UseParallelGC                            = true                                      {product} {command line}

Logging:
Log output configuration:
 #0: stdout all=off uptime,level,tags foldmultilines=false
 #1: stderr all=off uptime,level,tags foldmultilines=false

Release file:
JAVA_VERSION="21.0.10" 
MODULES="java.base java.compiler java.datatransfer java.xml java.prefs java.desktop java.instrument java.logging java.management java.security.sasl java.naming java.rmi java.management.rmi java.net.http java.scripting java.security.jgss java.transaction.xa java.sql java.sql.rowset java.xml.crypto java.se java.smartcardio jdk.accessibility jdk.internal.jvmstat jdk.attach jdk.charsets jdk.internal.opt jdk.zipfs jdk.compiler jdk.crypto.ec jdk.crypto.cryptoki jdk.crypto.mscapi jdk.dynalink jdk.internal.ed jdk.editpad jdk.hotspot.agent jdk.httpserver jdk.internal.le jdk.internal.vm.ci jdk.internal.vm.compiler jdk.internal.vm.compiler.management jdk.jartool jdk.javadoc jdk.jcmd jdk.management jdk.management.agent jdk.jconsole jdk.jdeps jdk.jdwp.agent jdk.jdi jdk.jfr jdk.jshell jdk.jsobject jdk.jstatd jdk.localedata jdk.management.jfr jdk.naming.dns jdk.naming.rmi jdk.net jdk.nio.mapmode jdk.random jdk.sctp jdk.security.auth jdk.security.jgss jdk.unsupported jdk.unsupported.desktop jdk.xml.dom" 

Environment Variables:
JAVA_HOME=C:\opt\java\jdk-21.0.3\jdk-21.0.3
PATH=C:\Users\menete\AppData\Local\Programs\Microsoft VS Code;C:\opt\java\jdk-21.0.3\jdk-21.0.3\bin;C:\Program Files\Common Files\Oracle\Java\javapath;C:\Python312\Scripts\;C:\Python312\;$JAVA_HOME/bin;$ANT_HOME/bin;$PATH;C:\ProgramData\chocolatey\bin;C:\Program Files\Java\jdk-17\bin;C:\minikube;C:\Windows\System32;C:\Users\menete\AppData\Local\nvm;C:\nvm4w\nodejs;%ANDROID_HOME%\platform-tools;%ANDROID_HOME%\emulator;C:\Users\menete\scoop\shims;C:\Users\menete\AppData\Local\Android\Sdk\tools;C:\Users\menete\AppData\Local\Microsoft\WindowsApps;C:\Users\menete\AppData\Local\Programs\Microsoft VS Code\bin;C:\Program Files\Azure Data Studio\bin;C:\opt\jbossapp\ant\bin;C:\opt\jbossapp\jboss;C:\opt\jbossapp\jdk\jdk1.8.0_112\bin;C:\opt\jbossapp\wildfly\bin;C:\Program Files\apache-maven-3.9.6\bin;C:\Program Files\Git\cmd;C:\Users\menete\AppData\Local\Android\Sdk\platform-tools;C:\Program Files\JetBrains\IntelliJ IDEA 2025.1.3\bin;;C:\Program Files\JetBrains\IntelliJ IDEA Community Edition 2025.1.3\bin;;C:\Users\menete\AppData\Local\nvm;C:\nvm4w\nodejs
USERNAME=menete
OS=Windows_NT
PROCESSOR_IDENTIFIER=Intel64 Family 6 Model 140 Stepping 1, GenuineIntel
TMP=C:\Users\menete\AppData\Local\Temp
TEMP=C:\Users\menete\AppData\Local\Temp




Periodic native trim disabled

---------------  S Y S T E M  ---------------

OS:
 Windows 11 , 64 bit Build 22621 (10.0.22621.5415)
OS uptime: 5 days 2:43 hours
Hyper-V role detected

CPU: total 8 (initial active 8) (4 cores per cpu, 2 threads per core) family 6 model 140 stepping 1 microcode 0xbe, cx8, cmov, fxsr, ht, mmx, 3dnowpref, sse, sse2, sse3, ssse3, sse4.1, sse4.2, popcnt, lzcnt, tsc, tscinvbit, avx, avx2, aes, erms, clmul, bmi1, bmi2, adx, avx512f, avx512dq, avx512cd, avx512bw, avx512vl, sha, fma, vzeroupper, avx512_vpopcntdq, avx512_vpclmulqdq, avx512_vaes, avx512_vnni, clflush, clflushopt, clwb, avx512_vbmi2, avx512_vbmi, hv, rdtscp, rdpid, fsrm, gfni, avx512_bitalg, f16c, cet_ibt, cet_ss, avx512_ifma
Processor Information for the first 8 processors :
  Max Mhz: 1805, Current Mhz: 1805, Mhz Limit: 1805

Memory: 4k page, system-wide physical 16106M (233M free)
TotalPageFile size 46515M (AvailPageFile size 5M)
current process WorkingSet (physical memory assigned to process): 95M, peak: 95M
current process commit charge ("private bytes"): 240M, peak: 241M

vm_info: OpenJDK 64-Bit Server VM (21.0.10+7-LTS) for windows-amd64 JRE (21.0.10+7-LTS), built on 2026-01-20T00:00:00Z by "admin" with MS VC++ 17.12 (VS2022)

END.
